📝 Log persistent: logs\steam_2026-09-17.log
⚾ BASEBALL STEAM V6 - LIVE STEAM TEST ⚾
PROFILE: MLB / TOTAL / OVER / STEAM 4-5 / STRENGTH 70-80
VALUE: P=55.00% | MIN EDGE=5.00% | MIN ODDS=1.909
CONFIRMATION=60s | POLL=5s
NO TELEGRAM / NO GOOGLE SHEETS


==========================================================================================
🔄 CICLE 1 | 21:39:39
==========================================================================================
MLB matchups oberts amb Total: 5
  Philadelphia Phillies @ New York Mets | TOTAL 8.5 | OVER 102 (2.02) | UNDER -114 (1.8772)
  INIT | Philadelphia Phillies @ New York Mets | OVER 8.5 | 2.02
  INIT | Philadelphia Phillies @ New York Mets | UNDER 8.5 | 1.8772
  Kansas City Royals @ Houston Astros | TOTAL 9.0 | OVER 101 (2.01) | UNDER -113 (1.885)
  INIT | Kansas City Royals @ Houston Astros | OVER 9.0 | 2.01
  INIT | Kansas City Royals @ Houston Astros | UNDER 9.0 | 1.885
  Detroit Tigers @ Chicago White Sox | TOTAL 8.5 | OVER 100 (2.0) | UNDER -112 (1.8929)
  INIT | Detroit Tigers @ Chicago White Sox | OVER 8.5 | 2.0
  INIT | Detroit Tigers @ Chicago White Sox | UNDER 8.5 | 1.8929
  Minnesota Twins @ Los Angeles Angels | TOTAL 7.5 | OVER -104 (1.9615) | UNDER -108 (1.9259)
  INIT | Minnesota Twins @ Los Angeles Angels | OVER 7.5 | 1.9615
  INIT | Minnesota Twins @ Los Angeles Angels | UNDER 7.5 | 1.9259
  Boston Red Sox @ Texas Rangers | TOTAL 8.0 | OVER -102 (1.9804) | UNDER -110 (1.9091)
  INIT | Boston Red Sox @ Texas Rangers | OVER 8.0 | 1.9804
  INIT | Boston Red Sox @ Texas Rangers | UNDER 8.0 | 1.9091

==========================================================================================
🔄 CICLE 2 | 21:39:45
==========================================================================================
MLB matchups oberts amb Total: 5
  Philadelphia Phillies @ New York Mets | TOTAL 8.5 | OVER 102 (2.02) | UNDER -114 (1.8772)
  Kansas City Royals @ Houston Astros | TOTAL 9.0 | OVER 101 (2.01) | UNDER -113 (1.885)
  Detroit Tigers @ Chicago White Sox | TOTAL 8.5 | OVER 100 (2.0) | UNDER -112 (1.8929)
  Minnesota Twins @ Los Angeles Angels | TOTAL 7.5 | OVER -104 (1.9615) | UNDER -108 (1.9259)
  Boston Red Sox @ Texas Rangers | TOTAL 8.0 | OVER -102 (1.9804) | UNDER -110 (1.9091)

==========================================================================================
🔄 CICLE 3 | 21:39:50
==========================================================================================
MLB matchups oberts amb Total: 5
  Philadelphia Phillies @ New York Mets | TOTAL 8.5 | OVER 102 (2.02) | UNDER -114 (1.8772)
  Kansas City Royals @ Houston Astros | TOTAL 9.0 | OVER 101 (2.01) | UNDER -113 (1.885)
  Detroit Tigers @ Chicago White Sox | TOTAL 8.5 | OVER 100 (2.0) | UNDER -112 (1.8929)
  Minnesota Twins @ Los Angeles Angels | TOTAL 7.5 | OVER -104 (1.9615) | UNDER -108 (1.9259)
  Boston Red Sox @ Texas Rangers | TOTAL 8.0 | OVER -102 (1.9804) | UNDER -110 (1.9091)

==========================================================================================
🔄 CICLE 4 | 21:39:56
==========================================================================================
MLB matchups oberts amb Total: 5
  Philadelphia Phillies @ New York Mets | TOTAL 8.5 | OVER 102 (2.02) | UNDER -114 (1.8772)
  Kansas City Royals @ Houston Astros | TOTAL 9.0 | OVER 101 (2.01) | UNDER -113 (1.885)
  Detroit Tigers @ Chicago White Sox | TOTAL 8.5 | OVER 100 (2.0) | UNDER -112 (1.8929)
  Minnesota Twins @ Los Angeles Angels | TOTAL 7.5 | OVER -104 (1.9615) | UNDER -108 (1.9259)
  Boston Red Sox @ Texas Rangers | TOTAL 8.0 | OVER -102 (1.9804) | UNDER -110 (1.9091)

==========================================================================================
🔄 CICLE 5 | 21:40:01
==========================================================================================
MLB matchups oberts amb Total: 5
  Philadelphia Phillies @ New York Mets | TOTAL 8.5 | OVER 102 (2.02) | UNDER -114 (1.8772)
  Kansas City Royals @ Houston Astros | TOTAL 9.0 | OVER 101 (2.01) | UNDER -113 (1.885)
  Detroit Tigers @ Chicago White Sox | TOTAL 8.5 | OVER 100 (2.0) | UNDER -112 (1.8929)
  Minnesota Twins @ Los Angeles Angels | TOTAL 7.5 | OVER -104 (1.9615) | UNDER -108 (1.9259)
  Boston Red Sox @ Texas Rangers | TOTAL 8.0 | OVER -102 (1.9804) | UNDER -110 (1.9091)

==========================================================================================
🔄 CICLE 6 | 21:40:06
==========================================================================================
MLB matchups oberts amb Total: 5
  Philadelphia Phillies @ New York Mets | TOTAL 8.5 | OVER 102 (2.02) | UNDER -114 (1.8772)
  Kansas City Royals @ Houston Astros | TOTAL 9.0 | OVER 101 (2.01) | UNDER -113 (1.885)
  Detroit Tigers @ Chicago White Sox | TOTAL 8.5 | OVER 100 (2.0) | UNDER -112 (1.8929)
  Minnesota Twins @ Los Angeles Angels | TOTAL 7.5 | OVER -104 (1.9615) | UNDER -108 (1.9259)
  Boston Red Sox @ Texas Rangers | TOTAL 8.0 | OVER -102 (1.9804) | UNDER -110 (1.9091)

==========================================================================================
🔄 CICLE 7 | 21:40:11
==========================================================================================
MLB matchups oberts amb Total: 5
  Philadelphia Phillies @ New York Mets | TOTAL 8.5 | OVER 102 (2.02) | UNDER -114 (1.8772)
  Kansas City Royals @ Houston Astros | TOTAL 9.0 | OVER 101 (2.01) | UNDER -113 (1.885)
  Detroit Tigers @ Chicago White Sox | TOTAL 8.5 | OVER 100 (2.0) | UNDER -112 (1.8929)
ERROR MARKET 1636294005: HTTPError: 401 Client Error: Unauthorized for url: https://guest.api.arcadia.pinnacle.com/0.1/matchups/1636294005/markets/related/straight
  Boston Red Sox @ Texas Rangers | TOTAL 8.0 | OVER -102 (1.9804) | UNDER -110 (1.9091)

==========================================================================================
🔄 CICLE 8 | 21:40:16
==========================================================================================
MLB matchups oberts amb Total: 5
  Philadelphia Phillies @ New York Mets | TOTAL 8.5 | OVER 102 (2.02) | UNDER -114 (1.8772)
  Kansas City Royals @ Houston Astros | TOTAL 9.0 | OVER 101 (2.01) | UNDER -113 (1.885)
  Detroit Tigers @ Chicago White Sox | TOTAL 8.5 | OVER 100 (2.0) | UNDER -112 (1.8929)
  Minnesota Twins @ Los Angeles Angels | TOTAL 7.5 | OVER -104 (1.9615) | UNDER -108 (1.9259)
  Boston Red Sox @ Texas Rangers | TOTAL 8.0 | OVER -102 (1.9804) | UNDER -110 (1.9091)

==========================================================================================
🔄 CICLE 9 | 21:40:22
==========================================================================================
MLB matchups oberts amb Total: 5
  Philadelphia Phillies @ New York Mets | TOTAL 8.5 | OVER 102 (2.02) | UNDER -114 (1.8772)
  Kansas City Royals @ Houston Astros | TOTAL 9.0 | OVER 101 (2.01) | UNDER -113 (1.885)
  Detroit Tigers @ Chicago White Sox | TOTAL 8.5 | OVER 100 (2.0) | UNDER -112 (1.8929)
  Minnesota Twins @ Los Angeles Angels | TOTAL 7.5 | OVER -104 (1.9615) | UNDER -108 (1.9259)
  Boston Red Sox @ Texas Rangers | TOTAL 8.0 | OVER -102 (1.9804) | UNDER -110 (1.9091)

==========================================================================================
🔄 CICLE 10 | 21:40:27
==========================================================================================
MLB matchups oberts amb Total: 5
  Philadelphia Phillies @ New York Mets | TOTAL 8.5 | OVER 102 (2.02) | UNDER -114 (1.8772)
  Kansas City Royals @ Houston Astros | TOTAL 9.0 | OVER 101 (2.01) | UNDER -113 (1.885)
  Detroit Tigers @ Chicago White Sox | TOTAL 8.5 | OVER 100 (2.0) | UNDER -112 (1.8929)
  Minnesota Twins @ Los Angeles Angels | TOTAL 7.5 | OVER -104 (1.9615) | UNDER -108 (1.9259)
  Boston Red Sox @ Texas Rangers | TOTAL 8.0 | OVER -102 (1.9804) | UNDER -110 (1.9091)

==========================================================================================
🔄 CICLE 11 | 21:40:32
==========================================================================================
MLB matchups oberts amb Total: 5
  Philadelphia Phillies @ New York Mets | TOTAL 8.5 | OVER 102 (2.02) | UNDER -114 (1.8772)
  Kansas City Royals @ Houston Astros | TOTAL 9.0 | OVER 101 (2.01) | UNDER -113 (1.885)
  Detroit Tigers @ Chicago White Sox | TOTAL 8.5 | OVER 100 (2.0) | UNDER -112 (1.8929)
  Minnesota Twins @ Los Angeles Angels | TOTAL 7.5 | OVER -104 (1.9615) | UNDER -108 (1.9259)
  Boston Red Sox @ Texas Rangers | TOTAL 8.0 | OVER -102 (1.9804) | UNDER -110 (1.9091)

==========================================================================================
🔄 CICLE 12 | 21:40:37
==========================================================================================
MLB matchups oberts amb Total: 5
  Philadelphia Phillies @ New York Mets | TOTAL 8.5 | OVER 102 (2.02) | UNDER -114 (1.8772)
  Kansas City Royals @ Houston Astros | TOTAL 9.0 | OVER 101 (2.01) | UNDER -113 (1.885)
  Detroit Tigers @ Chicago White Sox | TOTAL 8.5 | OVER 100 (2.0) | UNDER -112 (1.8929)
  Minnesota Twins @ Los Angeles Angels | TOTAL 7.5 | OVER -104 (1.9615) | UNDER -108 (1.9259)
  Boston Red Sox @ Texas Rangers | TOTAL 8.0 | OVER -102 (1.9804) | UNDER -110 (1.9091)

==========================================================================================
🔄 CICLE 13 | 21:40:43
==========================================================================================
MLB matchups oberts amb Total: 5
  Philadelphia Phillies @ New York Mets | TOTAL 8.5 | OVER 102 (2.02) | UNDER -114 (1.8772)
  Kansas City Royals @ Houston Astros | TOTAL 9.0 | OVER 101 (2.01) | UNDER -113 (1.885)
  Detroit Tigers @ Chicago White Sox | TOTAL 8.5 | OVER 100 (2.0) | UNDER -112 (1.8929)
  Minnesota Twins @ Los Angeles Angels | TOTAL 7.5 | OVER -104 (1.9615) | UNDER -108 (1.9259)
  Boston Red Sox @ Texas Rangers | TOTAL 8.0 | OVER -102 (1.9804) | UNDER -110 (1.9091)

==========================================================================================
🔄 CICLE 14 | 21:40:48
==========================================================================================
MLB matchups oberts amb Total: 5
  Philadelphia Phillies @ New York Mets | TOTAL 8.5 | OVER 102 (2.02) | UNDER -114 (1.8772)
  Kansas City Royals @ Houston Astros | TOTAL 9.0 | OVER 101 (2.01) | UNDER -113 (1.885)
  Detroit Tigers @ Chicago White Sox | TOTAL 8.5 | OVER 100 (2.0) | UNDER -112 (1.8929)
  Minnesota Twins @ Los Angeles Angels | TOTAL 7.5 | OVER -104 (1.9615) | UNDER -108 (1.9259)
  Boston Red Sox @ Texas Rangers | TOTAL 8.0 | OVER -102 (1.9804) | UNDER -110 (1.9091)

==========================================================================================
🔄 CICLE 15 | 21:40:53
==========================================================================================
MLB matchups oberts amb Total: 5
  Philadelphia Phillies @ New York Mets | TOTAL 8.5 | OVER 102 (2.02) | UNDER -114 (1.8772)
  Kansas City Royals @ Houston Astros | TOTAL 9.0 | OVER 101 (2.01) | UNDER -113 (1.885)
  Detroit Tigers @ Chicago White Sox | TOTAL 8.5 | OVER 100 (2.0) | UNDER -112 (1.8929)
  Minnesota Twins @ Los Angeles Angels | TOTAL 7.5 | OVER -104 (1.9615) | UNDER -108 (1.9259)
  Boston Red Sox @ Texas Rangers | TOTAL 8.0 | OVER -102 (1.9804) | UNDER -110 (1.9091)

==========================================================================================
🔄 CICLE 16 | 21:40:58
==========================================================================================
MLB matchups oberts amb Total: 5
  Philadelphia Phillies @ New York Mets | TOTAL 8.5 | OVER 102 (2.02) | UNDER -114 (1.8772)
  Kansas City Royals @ Houston Astros | TOTAL 9.0 | OVER 101 (2.01) | UNDER -113 (1.885)
  Detroit Tigers @ Chicago White Sox | TOTAL 8.5 | OVER 100 (2.0) | UNDER -112 (1.8929)
  Minnesota Twins @ Los Angeles Angels | TOTAL 7.5 | OVER -104 (1.9615) | UNDER -108 (1.9259)
  Boston Red Sox @ Texas Rangers | TOTAL 8.0 | OVER -102 (1.9804) | UNDER -110 (1.9091)

==========================================================================================
🔄 CICLE 17 | 21:41:03
==========================================================================================
MLB matchups oberts amb Total: 5
  Philadelphia Phillies @ New York Mets | TOTAL 8.5 | OVER 102 (2.02) | UNDER -114 (1.8772)
  Kansas City Royals @ Houston Astros | TOTAL 9.0 | OVER 101 (2.01) | UNDER -113 (1.885)
  Detroit Tigers @ Chicago White Sox | TOTAL 8.5 | OVER 100 (2.0) | UNDER -112 (1.8929)
  Minnesota Twins @ Los Angeles Angels | TOTAL 7.5 | OVER -104 (1.9615) | UNDER -108 (1.9259)
  Boston Red Sox @ Texas Rangers | TOTAL 8.0 | OVER -102 (1.9804) | UNDER -110 (1.9091)

==========================================================================================
🔄 CICLE 18 | 21:41:09
==========================================================================================
MLB matchups oberts amb Total: 5
  Philadelphia Phillies @ New York Mets | TOTAL 8.5 | OVER 102 (2.02) | UNDER -114 (1.8772)
  Kansas City Royals @ Houston Astros | TOTAL 9.0 | OVER 101 (2.01) | UNDER -113 (1.885)
  Detroit Tigers @ Chicago White Sox | TOTAL 8.5 | OVER 100 (2.0) | UNDER -112 (1.8929)
  Minnesota Twins @ Los Angeles Angels | TOTAL 7.5 | OVER -104 (1.9615) | UNDER -108 (1.9259)
  Boston Red Sox @ Texas Rangers | TOTAL 8.0 | OVER -102 (1.9804) | UNDER -110 (1.9091)

==========================================================================================
🔄 CICLE 19 | 21:41:14
==========================================================================================
MLB matchups oberts amb Total: 5
  Philadelphia Phillies @ New York Mets | TOTAL 8.5 | OVER 102 (2.02) | UNDER -114 (1.8772)
  Kansas City Royals @ Houston Astros | TOTAL 9.0 | OVER 101 (2.01) | UNDER -113 (1.885)
  Detroit Tigers @ Chicago White Sox | TOTAL 8.5 | OVER 100 (2.0) | UNDER -112 (1.8929)
  Minnesota Twins @ Los Angeles Angels | TOTAL 7.5 | OVER -104 (1.9615) | UNDER -108 (1.9259)
  Boston Red Sox @ Texas Rangers | TOTAL 8.0 | OVER -102 (1.9804) | UNDER -110 (1.9091)

==========================================================================================
🔄 CICLE 20 | 21:41:19
==========================================================================================
MLB matchups oberts amb Total: 5
  Philadelphia Phillies @ New York Mets | TOTAL 8.5 | OVER 102 (2.02) | UNDER -114 (1.8772)
  Kansas City Royals @ Houston Astros | TOTAL 9.0 | OVER 101 (2.01) | UNDER -113 (1.885)
  Detroit Tigers @ Chicago White Sox | TOTAL 8.5 | OVER 100 (2.0) | UNDER -112 (1.8929)
  Minnesota Twins @ Los Angeles Angels | TOTAL 7.5 | OVER -104 (1.9615) | UNDER -108 (1.9259)
  Boston Red Sox @ Texas Rangers | TOTAL 8.0 | OVER -102 (1.9804) | UNDER -110 (1.9091)

==========================================================================================
🔄 CICLE 21 | 21:41:24
==========================================================================================
MLB matchups oberts amb Total: 5
  Philadelphia Phillies @ New York Mets | TOTAL 8.5 | OVER 102 (2.02) | UNDER -114 (1.8772)
  Kansas City Royals @ Houston Astros | TOTAL 9.0 | OVER 101 (2.01) | UNDER -113 (1.885)
  Detroit Tigers @ Chicago White Sox | TOTAL 8.5 | OVER 100 (2.0) | UNDER -112 (1.8929)
  Minnesota Twins @ Los Angeles Angels | TOTAL 7.5 | OVER -104 (1.9615) | UNDER -108 (1.9259)
  Boston Red Sox @ Texas Rangers | TOTAL 8.0 | OVER -102 (1.9804) | UNDER -110 (1.9091)

==========================================================================================
🔄 CICLE 22 | 21:41:30
==========================================================================================
MLB matchups oberts amb Total: 5
  Philadelphia Phillies @ New York Mets | TOTAL 8.5 | OVER 102 (2.02) | UNDER -114 (1.8772)
  Kansas City Royals @ Houston Astros | TOTAL 9.0 | OVER 101 (2.01) | UNDER -113 (1.885)
  Detroit Tigers @ Chicago White Sox | TOTAL 8.5 | OVER 100 (2.0) | UNDER -112 (1.8929)
  Minnesota Twins @ Los Angeles Angels | TOTAL 7.5 | OVER -104 (1.9615) | UNDER -108 (1.9259)
  Boston Red Sox @ Texas Rangers | TOTAL 8.0 | OVER -102 (1.9804) | UNDER -110 (1.9091)

==========================================================================================
🔄 CICLE 23 | 21:41:35
==========================================================================================
MLB matchups oberts amb Total: 5
  Philadelphia Phillies @ New York Mets | TOTAL 8.5 | OVER 102 (2.02) | UNDER -114 (1.8772)
  Kansas City Royals @ Houston Astros | TOTAL 9.0 | OVER 101 (2.01) | UNDER -113 (1.885)
  Detroit Tigers @ Chicago White Sox | TOTAL 8.5 | OVER 100 (2.0) | UNDER -112 (1.8929)
  Minnesota Twins @ Los Angeles Angels | TOTAL 7.5 | OVER -104 (1.9615) | UNDER -108 (1.9259)
  Boston Red Sox @ Texas Rangers | TOTAL 8.0 | OVER -102 (1.9804) | UNDER -110 (1.9091)

==========================================================================================
🔄 CICLE 24 | 21:41:40
==========================================================================================
MLB matchups oberts amb Total: 5
  Philadelphia Phillies @ New York Mets | TOTAL 8.5 | OVER 102 (2.02) | UNDER -114 (1.8772)
  Kansas City Royals @ Houston Astros | TOTAL 9.0 | OVER 101 (2.01) | UNDER -113 (1.885)
  Detroit Tigers @ Chicago White Sox | TOTAL 8.5 | OVER 100 (2.0) | UNDER -112 (1.8929)
  Minnesota Twins @ Los Angeles Angels | TOTAL 7.5 | OVER -104 (1.9615) | UNDER -108 (1.9259)
  Boston Red Sox @ Texas Rangers | TOTAL 8.0 | OVER -102 (1.9804) | UNDER -110 (1.9091)

==========================================================================================
🔄 CICLE 25 | 21:41:45
==========================================================================================
MLB matchups oberts amb Total: 5
  Philadelphia Phillies @ New York Mets | TOTAL 8.5 | OVER 102 (2.02) | UNDER -114 (1.8772)
  Kansas City Royals @ Houston Astros | TOTAL 9.0 | OVER 101 (2.01) | UNDER -113 (1.885)
  Detroit Tigers @ Chicago White Sox | TOTAL 8.5 | OVER 100 (2.0) | UNDER -112 (1.8929)
  Minnesota Twins @ Los Angeles Angels | TOTAL 7.5 | OVER -104 (1.9615) | UNDER -108 (1.9259)
  Boston Red Sox @ Texas Rangers | TOTAL 8.0 | OVER -102 (1.9804) | UNDER -110 (1.9091)

==========================================================================================
🔄 CICLE 26 | 21:41:51
==========================================================================================
MLB matchups oberts amb Total: 5
  Philadelphia Phillies @ New York Mets | TOTAL 8.5 | OVER 102 (2.02) | UNDER -114 (1.8772)
  Kansas City Royals @ Houston Astros | TOTAL 9.0 | OVER 101 (2.01) | UNDER -113 (1.885)
  Detroit Tigers @ Chicago White Sox | TOTAL 8.5 | OVER 100 (2.0) | UNDER -112 (1.8929)
  Minnesota Twins @ Los Angeles Angels | TOTAL 7.5 | OVER -104 (1.9615) | UNDER -108 (1.9259)
  Boston Red Sox @ Texas Rangers | TOTAL 8.0 | OVER -102 (1.9804) | UNDER -110 (1.9091)

==========================================================================================
🔄 CICLE 27 | 21:41:56
==========================================================================================
MLB matchups oberts amb Total: 5
  Philadelphia Phillies @ New York Mets | TOTAL 8.5 | OVER 102 (2.02) | UNDER -114 (1.8772)
  Kansas City Royals @ Houston Astros | TOTAL 9.0 | OVER 101 (2.01) | UNDER -113 (1.885)
  Detroit Tigers @ Chicago White Sox | TOTAL 8.5 | OVER 100 (2.0) | UNDER -112 (1.8929)
  Minnesota Twins @ Los Angeles Angels | TOTAL 7.5 | OVER -104 (1.9615) | UNDER -108 (1.9259)
  Boston Red Sox @ Texas Rangers | TOTAL 8.0 | OVER -102 (1.9804) | UNDER -110 (1.9091)

==========================================================================================
🔄 CICLE 28 | 21:42:01
==========================================================================================
MLB matchups oberts amb Total: 5
ERROR MARKET 1636293983: HTTPError: 401 Client Error: Unauthorized for url: https://guest.api.arcadia.pinnacle.com/0.1/matchups/1636293983/markets/related/straight
  Detroit Tigers @ Chicago White Sox | TOTAL 8.5 | OVER 100 (2.0) | UNDER -112 (1.8929)
  Minnesota Twins @ Los Angeles Angels | TOTAL 7.5 | OVER -104 (1.9615) | UNDER -108 (1.9259)
  Philadelphia Phillies @ New York Mets | TOTAL 8.5 | OVER 102 (2.02) | UNDER -114 (1.8772)
  Boston Red Sox @ Texas Rangers | TOTAL 8.0 | OVER -102 (1.9804) | UNDER -110 (1.9091)
📝 Log persistent: logs\steam_2026-09-17.log
⚾ BASEBALL STEAM V6 - LIVE STEAM TEST ⚾
PROFILE: MLB / TOTAL / OVER / STEAM 4-5 / STRENGTH 70-80
VALUE: P=55.00% | MIN EDGE=5.00% | MIN ODDS=1.909
CONFIRMATION=60s | POLL=5s
NO TELEGRAM / NO GOOGLE SHEETS


==========================================================================================
🔄 CICLE 1 | 21:42:17
==========================================================================================
  Kansas City Royals @ Houston Astros | TOTAL 9.0 | OVER 101 (2.01) | UNDER -113 (1.885)
  INIT | Kansas City Royals @ Houston Astros | OVER 9.0 | 2.01
  INIT | Kansas City Royals @ Houston Astros | UNDER 9.0 | 1.885
  Detroit Tigers @ Chicago White Sox | TOTAL 8.5 | OVER 100 (2.0) | UNDER -112 (1.8929)
  INIT | Detroit Tigers @ Chicago White Sox | OVER 8.5 | 2.0
  INIT | Detroit Tigers @ Chicago White Sox | UNDER 8.5 | 1.8929
  Minnesota Twins @ Los Angeles Angels | TOTAL 7.5 | OVER -104 (1.9615) | UNDER -108 (1.9259)
  INIT | Minnesota Twins @ Los Angeles Angels | OVER 7.5 | 1.9615
  INIT | Minnesota Twins @ Los Angeles Angels | UNDER 7.5 | 1.9259
  Philadelphia Phillies @ New York Mets | TOTAL 8.5 | OVER 102 (2.02) | UNDER -114 (1.8772)
  INIT | Philadelphia Phillies @ New York Mets | OVER 8.5 | 2.02
  INIT | Philadelphia Phillies @ New York Mets | UNDER 8.5 | 1.8772
  Boston Red Sox @ Texas Rangers | TOTAL 8.0 | OVER -102 (1.9804) | UNDER -110 (1.9091)
  INIT | Boston Red Sox @ Texas Rangers | OVER 8.0 | 1.9804
  INIT | Boston Red Sox @ Texas Rangers | UNDER 8.0 | 1.9091

==========================================================================================
🔄 CICLE 2 | 21:42:23
==========================================================================================
  Kansas City Royals @ Houston Astros | TOTAL 9.0 | OVER 101 (2.01) | UNDER -113 (1.885)
  Detroit Tigers @ Chicago White Sox | TOTAL 8.5 | OVER 100 (2.0) | UNDER -112 (1.8929)
  Minnesota Twins @ Los Angeles Angels | TOTAL 7.5 | OVER -104 (1.9615) | UNDER -108 (1.9259)
  Philadelphia Phillies @ New York Mets | TOTAL 8.5 | OVER 102 (2.02) | UNDER -114 (1.8772)
  Boston Red Sox @ Texas Rangers | TOTAL 8.0 | OVER -102 (1.9804) | UNDER -110 (1.9091)

==========================================================================================
🔄 CICLE 3 | 21:42:28
==========================================================================================
  Kansas City Royals @ Houston Astros | TOTAL 9.0 | OVER 101 (2.01) | UNDER -113 (1.885)
  Detroit Tigers @ Chicago White Sox | TOTAL 8.5 | OVER 100 (2.0) | UNDER -112 (1.8929)
  Minnesota Twins @ Los Angeles Angels | TOTAL 7.5 | OVER -104 (1.9615) | UNDER -108 (1.9259)
  Philadelphia Phillies @ New York Mets | TOTAL 8.5 | OVER 102 (2.02) | UNDER -114 (1.8772)
  Boston Red Sox @ Texas Rangers | TOTAL 8.0 | OVER -102 (1.9804) | UNDER -110 (1.9091)

==========================================================================================
🔄 CICLE 4 | 21:42:33
==========================================================================================
  Kansas City Royals @ Houston Astros | TOTAL 9.0 | OVER 101 (2.01) | UNDER -113 (1.885)
  Detroit Tigers @ Chicago White Sox | TOTAL 8.5 | OVER 100 (2.0) | UNDER -112 (1.8929)
  Minnesota Twins @ Los Angeles Angels | TOTAL 7.5 | OVER -104 (1.9615) | UNDER -108 (1.9259)
  Philadelphia Phillies @ New York Mets | TOTAL 8.5 | OVER 102 (2.02) | UNDER -114 (1.8772)
  Boston Red Sox @ Texas Rangers | TOTAL 8.0 | OVER -102 (1.9804) | UNDER -110 (1.9091)

==========================================================================================
🔄 CICLE 5 | 21:42:38
==========================================================================================
  Kansas City Royals @ Houston Astros | TOTAL 9.0 | OVER 101 (2.01) | UNDER -113 (1.885)
  Detroit Tigers @ Chicago White Sox | TOTAL 8.5 | OVER 100 (2.0) | UNDER -112 (1.8929)
  Minnesota Twins @ Los Angeles Angels | TOTAL 7.5 | OVER -104 (1.9615) | UNDER -108 (1.9259)
  Philadelphia Phillies @ New York Mets | TOTAL 8.5 | OVER 102 (2.02) | UNDER -114 (1.8772)
  Boston Red Sox @ Texas Rangers | TOTAL 8.0 | OVER -102 (1.9804) | UNDER -110 (1.9091)

==========================================================================================
🔄 CICLE 6 | 21:42:44
==========================================================================================
  Kansas City Royals @ Houston Astros | TOTAL 9.0 | OVER 101 (2.01) | UNDER -113 (1.885)
  Detroit Tigers @ Chicago White Sox | TOTAL 8.5 | OVER 100 (2.0) | UNDER -112 (1.8929)
  Minnesota Twins @ Los Angeles Angels | TOTAL 7.5 | OVER -104 (1.9615) | UNDER -108 (1.9259)
  Philadelphia Phillies @ New York Mets | TOTAL 8.5 | OVER 102 (2.02) | UNDER -114 (1.8772)
  Boston Red Sox @ Texas Rangers | TOTAL 8.0 | OVER -102 (1.9804) | UNDER -110 (1.9091)

==========================================================================================
🔄 CICLE 7 | 21:42:49
==========================================================================================
  Kansas City Royals @ Houston Astros | TOTAL 9.0 | OVER 101 (2.01) | UNDER -113 (1.885)
  Detroit Tigers @ Chicago White Sox | TOTAL 8.5 | OVER 100 (2.0) | UNDER -112 (1.8929)
  Minnesota Twins @ Los Angeles Angels | TOTAL 7.5 | OVER -104 (1.9615) | UNDER -108 (1.9259)
  Philadelphia Phillies @ New York Mets | TOTAL 8.5 | OVER 102 (2.02) | UNDER -114 (1.8772)
  Boston Red Sox @ Texas Rangers | TOTAL 8.0 | OVER -102 (1.9804) | UNDER -110 (1.9091)

==========================================================================================
🔄 CICLE 8 | 21:42:54
==========================================================================================
  Kansas City Royals @ Houston Astros | TOTAL 9.0 | OVER 101 (2.01) | UNDER -113 (1.885)
  Detroit Tigers @ Chicago White Sox | TOTAL 8.5 | OVER 100 (2.0) | UNDER -112 (1.8929)
  Minnesota Twins @ Los Angeles Angels | TOTAL 7.5 | OVER -104 (1.9615) | UNDER -108 (1.9259)
  Philadelphia Phillies @ New York Mets | TOTAL 8.5 | OVER 102 (2.02) | UNDER -114 (1.8772)
  Boston Red Sox @ Texas Rangers | TOTAL 8.0 | OVER -102 (1.9804) | UNDER -110 (1.9091)

==========================================================================================
🔄 CICLE 9 | 21:42:59
==========================================================================================
  Kansas City Royals @ Houston Astros | TOTAL 9.0 | OVER 101 (2.01) | UNDER -113 (1.885)
  Detroit Tigers @ Chicago White Sox | TOTAL 8.5 | OVER 100 (2.0) | UNDER -112 (1.8929)
  Minnesota Twins @ Los Angeles Angels | TOTAL 7.5 | OVER -104 (1.9615) | UNDER -108 (1.9259)
  Philadelphia Phillies @ New York Mets | TOTAL 8.5 | OVER 102 (2.02) | UNDER -114 (1.8772)
  Boston Red Sox @ Texas Rangers | TOTAL 8.0 | OVER -102 (1.9804) | UNDER -110 (1.9091)

==========================================================================================
🔄 CICLE 10 | 21:43:04
==========================================================================================
  Kansas City Royals @ Houston Astros | TOTAL 9.0 | OVER 101 (2.01) | UNDER -113 (1.885)
  Detroit Tigers @ Chicago White Sox | TOTAL 8.5 | OVER 100 (2.0) | UNDER -112 (1.8929)
  Minnesota Twins @ Los Angeles Angels | TOTAL 7.5 | OVER -104 (1.9615) | UNDER -108 (1.9259)
  Philadelphia Phillies @ New York Mets | TOTAL 8.5 | OVER 102 (2.02) | UNDER -114 (1.8772)
  Boston Red Sox @ Texas Rangers | TOTAL 8.0 | OVER -102 (1.9804) | UNDER -110 (1.9091)

==========================================================================================
🔄 CICLE 11 | 21:43:10
==========================================================================================
  Kansas City Royals @ Houston Astros | TOTAL 9.0 | OVER 101 (2.01) | UNDER -113 (1.885)
  Detroit Tigers @ Chicago White Sox | TOTAL 8.5 | OVER 100 (2.0) | UNDER -112 (1.8929)
  Minnesota Twins @ Los Angeles Angels | TOTAL 7.5 | OVER -104 (1.9615) | UNDER -108 (1.9259)
  Philadelphia Phillies @ New York Mets | TOTAL 8.5 | OVER 102 (2.02) | UNDER -114 (1.8772)
  Boston Red Sox @ Texas Rangers | TOTAL 8.0 | OVER -102 (1.9804) | UNDER -110 (1.9091)

==========================================================================================
🔄 CICLE 12 | 21:43:15
==========================================================================================
  Kansas City Royals @ Houston Astros | TOTAL 9.0 | OVER 101 (2.01) | UNDER -113 (1.885)
  Detroit Tigers @ Chicago White Sox | TOTAL 8.5 | OVER 100 (2.0) | UNDER -112 (1.8929)
  Minnesota Twins @ Los Angeles Angels | TOTAL 7.5 | OVER -104 (1.9615) | UNDER -108 (1.9259)
  Philadelphia Phillies @ New York Mets | TOTAL 8.5 | OVER 102 (2.02) | UNDER -114 (1.8772)
  Boston Red Sox @ Texas Rangers | TOTAL 8.0 | OVER -102 (1.9804) | UNDER -110 (1.9091)

==========================================================================================
🔄 CICLE 13 | 21:43:20
==========================================================================================
  Kansas City Royals @ Houston Astros | TOTAL 9.0 | OVER 101 (2.01) | UNDER -113 (1.885)
  Detroit Tigers @ Chicago White Sox | TOTAL 8.5 | OVER 100 (2.0) | UNDER -112 (1.8929)
  Minnesota Twins @ Los Angeles Angels | TOTAL 7.5 | OVER -104 (1.9615) | UNDER -108 (1.9259)
  Philadelphia Phillies @ New York Mets | TOTAL 8.5 | OVER 102 (2.02) | UNDER -114 (1.8772)
  Boston Red Sox @ Texas Rangers | TOTAL 8.0 | OVER -102 (1.9804) | UNDER -110 (1.9091)

==========================================================================================
🔄 CICLE 14 | 21:43:25
==========================================================================================
  Kansas City Royals @ Houston Astros | TOTAL 9.0 | OVER 101 (2.01) | UNDER -113 (1.885)
  Detroit Tigers @ Chicago White Sox | TOTAL 8.5 | OVER 100 (2.0) | UNDER -112 (1.8929)
  Minnesota Twins @ Los Angeles Angels | TOTAL 7.5 | OVER -104 (1.9615) | UNDER -108 (1.9259)
  Philadelphia Phillies @ New York Mets | TOTAL 8.5 | OVER 102 (2.02) | UNDER -114 (1.8772)
  Boston Red Sox @ Texas Rangers | TOTAL 8.0 | OVER -102 (1.9804) | UNDER -110 (1.9091)

==========================================================================================
🔄 CICLE 15 | 21:43:31
==========================================================================================
  Kansas City Royals @ Houston Astros | TOTAL 9.0 | OVER 101 (2.01) | UNDER -113 (1.885)
  Detroit Tigers @ Chicago White Sox | TOTAL 8.5 | OVER 100 (2.0) | UNDER -112 (1.8929)
  Minnesota Twins @ Los Angeles Angels | TOTAL 7.5 | OVER -104 (1.9615) | UNDER -108 (1.9259)
  Philadelphia Phillies @ New York Mets | TOTAL 8.5 | OVER 102 (2.02) | UNDER -114 (1.8772)
  Boston Red Sox @ Texas Rangers | TOTAL 8.0 | OVER -102 (1.9804) | UNDER -110 (1.9091)

==========================================================================================
🔄 CICLE 16 | 21:43:36
==========================================================================================
  Kansas City Royals @ Houston Astros | TOTAL 9.0 | OVER 101 (2.01) | UNDER -113 (1.885)
  Detroit Tigers @ Chicago White Sox | TOTAL 8.5 | OVER 100 (2.0) | UNDER -112 (1.8929)
  Minnesota Twins @ Los Angeles Angels | TOTAL 7.5 | OVER -104 (1.9615) | UNDER -108 (1.9259)
  Philadelphia Phillies @ New York Mets | TOTAL 8.5 | OVER 102 (2.02) | UNDER -114 (1.8772)
  Boston Red Sox @ Texas Rangers | TOTAL 8.0 | OVER -102 (1.9804) | UNDER -110 (1.9091)

==========================================================================================
🔄 CICLE 17 | 21:43:41
==========================================================================================
  Kansas City Royals @ Houston Astros | TOTAL 9.0 | OVER 101 (2.01) | UNDER -113 (1.885)
  Detroit Tigers @ Chicago White Sox | TOTAL 8.5 | OVER 100 (2.0) | UNDER -112 (1.8929)
  Minnesota Twins @ Los Angeles Angels | TOTAL 7.5 | OVER -104 (1.9615) | UNDER -108 (1.9259)
  Philadelphia Phillies @ New York Mets | TOTAL 8.5 | OVER 102 (2.02) | UNDER -114 (1.8772)
  Boston Red Sox @ Texas Rangers | TOTAL 8.0 | OVER -102 (1.9804) | UNDER -110 (1.9091)

==========================================================================================
🔄 CICLE 18 | 21:43:46
==========================================================================================
  Kansas City Royals @ Houston Astros | TOTAL 9.0 | OVER 101 (2.01) | UNDER -113 (1.885)
  Detroit Tigers @ Chicago White Sox | TOTAL 8.5 | OVER 100 (2.0) | UNDER -112 (1.8929)
  Minnesota Twins @ Los Angeles Angels | TOTAL 7.5 | OVER -104 (1.9615) | UNDER -108 (1.9259)
  Philadelphia Phillies @ New York Mets | TOTAL 8.5 | OVER 102 (2.02) | UNDER -114 (1.8772)
  Boston Red Sox @ Texas Rangers | TOTAL 8.0 | OVER -102 (1.9804) | UNDER -110 (1.9091)

==========================================================================================
🔄 CICLE 19 | 21:43:52
==========================================================================================
  Kansas City Royals @ Houston Astros | TOTAL 9.0 | OVER 101 (2.01) | UNDER -113 (1.885)
  Detroit Tigers @ Chicago White Sox | TOTAL 8.5 | OVER 100 (2.0) | UNDER -112 (1.8929)
  Minnesota Twins @ Los Angeles Angels | TOTAL 7.5 | OVER -104 (1.9615) | UNDER -108 (1.9259)
  Philadelphia Phillies @ New York Mets | TOTAL 8.5 | OVER 102 (2.02) | UNDER -114 (1.8772)
  Boston Red Sox @ Texas Rangers | TOTAL 8.0 | OVER -102 (1.9804) | UNDER -110 (1.9091)

==========================================================================================
🔄 CICLE 20 | 21:43:57
==========================================================================================
  Kansas City Royals @ Houston Astros | TOTAL 9.0 | OVER 101 (2.01) | UNDER -113 (1.885)
  Detroit Tigers @ Chicago White Sox | TOTAL 8.5 | OVER 100 (2.0) | UNDER -112 (1.8929)
  Minnesota Twins @ Los Angeles Angels | TOTAL 7.5 | OVER -104 (1.9615) | UNDER -108 (1.9259)
  Philadelphia Phillies @ New York Mets | TOTAL 8.5 | OVER 102 (2.02) | UNDER -114 (1.8772)
  Boston Red Sox @ Texas Rangers | TOTAL 8.0 | OVER -102 (1.9804) | UNDER -110 (1.9091)

==========================================================================================
🔄 CICLE 21 | 21:44:02
==========================================================================================
  Kansas City Royals @ Houston Astros | TOTAL 9.0 | OVER 101 (2.01) | UNDER -113 (1.885)
  Detroit Tigers @ Chicago White Sox | TOTAL 8.5 | OVER 100 (2.0) | UNDER -112 (1.8929)
  Minnesota Twins @ Los Angeles Angels | TOTAL 7.5 | OVER -104 (1.9615) | UNDER -108 (1.9259)
  Philadelphia Phillies @ New York Mets | TOTAL 8.5 | OVER 102 (2.02) | UNDER -114 (1.8772)
  Boston Red Sox @ Texas Rangers | TOTAL 8.0 | OVER -102 (1.9804) | UNDER -110 (1.9091)

==========================================================================================
🔄 CICLE 22 | 21:44:07
==========================================================================================
  Kansas City Royals @ Houston Astros | TOTAL 9.0 | OVER 101 (2.01) | UNDER -113 (1.885)
  Detroit Tigers @ Chicago White Sox | TOTAL 8.5 | OVER 100 (2.0) | UNDER -112 (1.8929)
  Minnesota Twins @ Los Angeles Angels | TOTAL 7.5 | OVER -104 (1.9615) | UNDER -108 (1.9259)
  Philadelphia Phillies @ New York Mets | TOTAL 8.5 | OVER 102 (2.02) | UNDER -114 (1.8772)
  Boston Red Sox @ Texas Rangers | TOTAL 8.0 | OVER -102 (1.9804) | UNDER -110 (1.9091)

==========================================================================================
🔄 CICLE 23 | 21:44:12
==========================================================================================
  Kansas City Royals @ Houston Astros | TOTAL 9.0 | OVER 101 (2.01) | UNDER -113 (1.885)
  Detroit Tigers @ Chicago White Sox | TOTAL 8.5 | OVER 100 (2.0) | UNDER -112 (1.8929)
  Minnesota Twins @ Los Angeles Angels | TOTAL 7.5 | OVER -104 (1.9615) | UNDER -108 (1.9259)
  Philadelphia Phillies @ New York Mets | TOTAL 8.5 | OVER 102 (2.02) | UNDER -114 (1.8772)
  Boston Red Sox @ Texas Rangers | TOTAL 8.0 | OVER -102 (1.9804) | UNDER -110 (1.9091)

==========================================================================================
🔄 CICLE 24 | 21:44:18
==========================================================================================
  Kansas City Royals @ Houston Astros | TOTAL 9.0 | OVER 101 (2.01) | UNDER -113 (1.885)
  Detroit Tigers @ Chicago White Sox | TOTAL 8.5 | OVER 100 (2.0) | UNDER -112 (1.8929)
  Minnesota Twins @ Los Angeles Angels | TOTAL 7.5 | OVER -104 (1.9615) | UNDER -108 (1.9259)
  Philadelphia Phillies @ New York Mets | TOTAL 8.5 | OVER 102 (2.02) | UNDER -114 (1.8772)
  Boston Red Sox @ Texas Rangers | TOTAL 8.0 | OVER -102 (1.9804) | UNDER -110 (1.9091)

==========================================================================================
🔄 CICLE 25 | 21:44:23
==========================================================================================
  Kansas City Royals @ Houston Astros | TOTAL 9.0 | OVER 101 (2.01) | UNDER -113 (1.885)
  Detroit Tigers @ Chicago White Sox | TOTAL 8.5 | OVER 100 (2.0) | UNDER -112 (1.8929)
  Minnesota Twins @ Los Angeles Angels | TOTAL 7.5 | OVER -104 (1.9615) | UNDER -108 (1.9259)
  Philadelphia Phillies @ New York Mets | TOTAL 8.5 | OVER 102 (2.02) | UNDER -114 (1.8772)
  Boston Red Sox @ Texas Rangers | TOTAL 8.0 | OVER -102 (1.9804) | UNDER -110 (1.9091)

==========================================================================================
🔄 CICLE 26 | 21:44:28
==========================================================================================
  Kansas City Royals @ Houston Astros | TOTAL 9.0 | OVER 101 (2.01) | UNDER -113 (1.885)
  Detroit Tigers @ Chicago White Sox | TOTAL 8.5 | OVER 100 (2.0) | UNDER -112 (1.8929)
  Minnesota Twins @ Los Angeles Angels | TOTAL 7.5 | OVER -104 (1.9615) | UNDER -108 (1.9259)
  Philadelphia Phillies @ New York Mets | TOTAL 8.5 | OVER 102 (2.02) | UNDER -114 (1.8772)
  Boston Red Sox @ Texas Rangers | TOTAL 8.0 | OVER -102 (1.9804) | UNDER -110 (1.9091)

==========================================================================================
🔄 CICLE 27 | 21:44:33
==========================================================================================
  Kansas City Royals @ Houston Astros | TOTAL 9.0 | OVER 101 (2.01) | UNDER -113 (1.885)
  Detroit Tigers @ Chicago White Sox | TOTAL 8.5 | OVER 100 (2.0) | UNDER -112 (1.8929)
  Minnesota Twins @ Los Angeles Angels | TOTAL 7.5 | OVER -104 (1.9615) | UNDER -108 (1.9259)
  Philadelphia Phillies @ New York Mets | TOTAL 8.5 | OVER 102 (2.02) | UNDER -114 (1.8772)
  Boston Red Sox @ Texas Rangers | TOTAL 8.0 | OVER -102 (1.9804) | UNDER -110 (1.9091)

==========================================================================================
🔄 CICLE 28 | 21:44:38
==========================================================================================
  Kansas City Royals @ Houston Astros | TOTAL 9.0 | OVER 101 (2.01) | UNDER -113 (1.885)
  Detroit Tigers @ Chicago White Sox | TOTAL 8.5 | OVER 100 (2.0) | UNDER -112 (1.8929)
  Minnesota Twins @ Los Angeles Angels | TOTAL 7.5 | OVER -104 (1.9615) | UNDER -108 (1.9259)
  Philadelphia Phillies @ New York Mets | TOTAL 8.5 | OVER 102 (2.02) | UNDER -114 (1.8772)
  Boston Red Sox @ Texas Rangers | TOTAL 8.0 | OVER -102 (1.9804) | UNDER -110 (1.9091)

==========================================================================================
🔄 CICLE 29 | 21:44:44
==========================================================================================
  Kansas City Royals @ Houston Astros | TOTAL 9.0 | OVER 101 (2.01) | UNDER -113 (1.885)
  Detroit Tigers @ Chicago White Sox | TOTAL 8.5 | OVER 100 (2.0) | UNDER -112 (1.8929)
  Minnesota Twins @ Los Angeles Angels | TOTAL 7.5 | OVER -104 (1.9615) | UNDER -108 (1.9259)
  Philadelphia Phillies @ New York Mets | TOTAL 8.5 | OVER 102 (2.02) | UNDER -114 (1.8772)
  Boston Red Sox @ Texas Rangers | TOTAL 8.0 | OVER -102 (1.9804) | UNDER -110 (1.9091)

==========================================================================================
🔄 CICLE 30 | 21:44:49
==========================================================================================
  Kansas City Royals @ Houston Astros | TOTAL 9.0 | OVER 101 (2.01) | UNDER -113 (1.885)
  Detroit Tigers @ Chicago White Sox | TOTAL 8.5 | OVER 100 (2.0) | UNDER -112 (1.8929)
  Minnesota Twins @ Los Angeles Angels | TOTAL 7.5 | OVER -104 (1.9615) | UNDER -108 (1.9259)
  Philadelphia Phillies @ New York Mets | TOTAL 8.5 | OVER 102 (2.02) | UNDER -114 (1.8772)
  Boston Red Sox @ Texas Rangers | TOTAL 8.0 | OVER -102 (1.9804) | UNDER -110 (1.9091)

==========================================================================================
🔄 CICLE 31 | 21:44:54
==========================================================================================
  Kansas City Royals @ Houston Astros | TOTAL 9.0 | OVER 101 (2.01) | UNDER -113 (1.885)
  Detroit Tigers @ Chicago White Sox | TOTAL 8.5 | OVER 100 (2.0) | UNDER -112 (1.8929)
  Minnesota Twins @ Los Angeles Angels | TOTAL 7.5 | OVER -104 (1.9615) | UNDER -108 (1.9259)
  Philadelphia Phillies @ New York Mets | TOTAL 8.5 | OVER 102 (2.02) | UNDER -114 (1.8772)
  Boston Red Sox @ Texas Rangers | TOTAL 8.0 | OVER -102 (1.9804) | UNDER -110 (1.9091)

==========================================================================================
🔄 CICLE 32 | 21:44:59
==========================================================================================
  Kansas City Royals @ Houston Astros | TOTAL 9.0 | OVER 101 (2.01) | UNDER -113 (1.885)
  Detroit Tigers @ Chicago White Sox | TOTAL 8.5 | OVER 100 (2.0) | UNDER -112 (1.8929)
  Minnesota Twins @ Los Angeles Angels | TOTAL 7.5 | OVER -104 (1.9615) | UNDER -108 (1.9259)
  Philadelphia Phillies @ New York Mets | TOTAL 8.5 | OVER 102 (2.02) | UNDER -114 (1.8772)
  Boston Red Sox @ Texas Rangers | TOTAL 8.0 | OVER -102 (1.9804) | UNDER -110 (1.9091)

==========================================================================================
🔄 CICLE 33 | 21:45:05
==========================================================================================
  Kansas City Royals @ Houston Astros | TOTAL 9.0 | OVER 101 (2.01) | UNDER -113 (1.885)
  Detroit Tigers @ Chicago White Sox | TOTAL 8.5 | OVER 100 (2.0) | UNDER -112 (1.8929)
  Minnesota Twins @ Los Angeles Angels | TOTAL 7.5 | OVER -104 (1.9615) | UNDER -108 (1.9259)
  Philadelphia Phillies @ New York Mets | TOTAL 8.5 | OVER 102 (2.02) | UNDER -114 (1.8772)
  Boston Red Sox @ Texas Rangers | TOTAL 8.0 | OVER -102 (1.9804) | UNDER -110 (1.9091)

==========================================================================================
🔄 CICLE 34 | 21:45:10
==========================================================================================
  Kansas City Royals @ Houston Astros | TOTAL 9.0 | OVER 101 (2.01) | UNDER -113 (1.885)
  Detroit Tigers @ Chicago White Sox | TOTAL 8.5 | OVER 100 (2.0) | UNDER -112 (1.8929)
  Minnesota Twins @ Los Angeles Angels | TOTAL 7.5 | OVER -104 (1.9615) | UNDER -108 (1.9259)
  Philadelphia Phillies @ New York Mets | TOTAL 8.5 | OVER 102 (2.02) | UNDER -114 (1.8772)
  Boston Red Sox @ Texas Rangers | TOTAL 8.0 | OVER -102 (1.9804) | UNDER -110 (1.9091)

==========================================================================================
🔄 CICLE 35 | 21:45:15
==========================================================================================
  Kansas City Royals @ Houston Astros | TOTAL 9.0 | OVER 101 (2.01) | UNDER -113 (1.885)
  Detroit Tigers @ Chicago White Sox | TOTAL 8.5 | OVER 100 (2.0) | UNDER -112 (1.8929)
  Minnesota Twins @ Los Angeles Angels | TOTAL 7.5 | OVER -104 (1.9615) | UNDER -108 (1.9259)
  Philadelphia Phillies @ New York Mets | TOTAL 8.5 | OVER 102 (2.02) | UNDER -114 (1.8772)
  Boston Red Sox @ Texas Rangers | TOTAL 8.0 | OVER -102 (1.9804) | UNDER -110 (1.9091)

==========================================================================================
🔄 CICLE 36 | 21:45:20
==========================================================================================
  Kansas City Royals @ Houston Astros | TOTAL 9.0 | OVER 101 (2.01) | UNDER -113 (1.885)
  Detroit Tigers @ Chicago White Sox | TOTAL 8.5 | OVER 100 (2.0) | UNDER -112 (1.8929)
  Minnesota Twins @ Los Angeles Angels | TOTAL 7.5 | OVER -104 (1.9615) | UNDER -108 (1.9259)
  Philadelphia Phillies @ New York Mets | TOTAL 8.5 | OVER 102 (2.02) | UNDER -114 (1.8772)
  Boston Red Sox @ Texas Rangers | TOTAL 8.0 | OVER -102 (1.9804) | UNDER -110 (1.9091)

==========================================================================================
🔄 CICLE 37 | 21:45:26
==========================================================================================
  Kansas City Royals @ Houston Astros | TOTAL 9.0 | OVER 101 (2.01) | UNDER -113 (1.885)
  Detroit Tigers @ Chicago White Sox | TOTAL 8.5 | OVER 100 (2.0) | UNDER -112 (1.8929)
  Minnesota Twins @ Los Angeles Angels | TOTAL 7.5 | OVER -104 (1.9615) | UNDER -108 (1.9259)
  Philadelphia Phillies @ New York Mets | TOTAL 8.5 | OVER 102 (2.02) | UNDER -114 (1.8772)
  Boston Red Sox @ Texas Rangers | TOTAL 8.0 | OVER -102 (1.9804) | UNDER -110 (1.9091)

==========================================================================================
🔄 CICLE 38 | 21:45:31
==========================================================================================
  Kansas City Royals @ Houston Astros | TOTAL 9.0 | OVER 101 (2.01) | UNDER -113 (1.885)
  Detroit Tigers @ Chicago White Sox | TOTAL 8.5 | OVER 100 (2.0) | UNDER -112 (1.8929)
  Minnesota Twins @ Los Angeles Angels | TOTAL 7.5 | OVER -104 (1.9615) | UNDER -108 (1.9259)
  Philadelphia Phillies @ New York Mets | TOTAL 8.5 | OVER 102 (2.02) | UNDER -114 (1.8772)
  Boston Red Sox @ Texas Rangers | TOTAL 8.0 | OVER -102 (1.9804) | UNDER -110 (1.9091)

==========================================================================================
🔄 CICLE 39 | 21:45:36
==========================================================================================
  Kansas City Royals @ Houston Astros | TOTAL 9.0 | OVER 101 (2.01) | UNDER -113 (1.885)
  Detroit Tigers @ Chicago White Sox | TOTAL 8.5 | OVER 100 (2.0) | UNDER -112 (1.8929)
  Minnesota Twins @ Los Angeles Angels | TOTAL 7.5 | OVER -104 (1.9615) | UNDER -108 (1.9259)
  Philadelphia Phillies @ New York Mets | TOTAL 8.5 | OVER 102 (2.02) | UNDER -114 (1.8772)
  Boston Red Sox @ Texas Rangers | TOTAL 8.0 | OVER -102 (1.9804) | UNDER -110 (1.9091)

==========================================================================================
🔄 CICLE 40 | 21:45:41
==========================================================================================
  Kansas City Royals @ Houston Astros | TOTAL 9.0 | OVER 101 (2.01) | UNDER -113 (1.885)
  Detroit Tigers @ Chicago White Sox | TOTAL 8.5 | OVER 100 (2.0) | UNDER -112 (1.8929)
  Minnesota Twins @ Los Angeles Angels | TOTAL 7.5 | OVER -104 (1.9615) | UNDER -108 (1.9259)
  Philadelphia Phillies @ New York Mets | TOTAL 8.5 | OVER 102 (2.02) | UNDER -114 (1.8772)
  Boston Red Sox @ Texas Rangers | TOTAL 8.0 | OVER -102 (1.9804) | UNDER -110 (1.9091)

==========================================================================================
🔄 CICLE 41 | 21:45:46
==========================================================================================
  Kansas City Royals @ Houston Astros | TOTAL 9.0 | OVER 101 (2.01) | UNDER -113 (1.885)
  Detroit Tigers @ Chicago White Sox | TOTAL 8.5 | OVER 100 (2.0) | UNDER -112 (1.8929)
  Minnesota Twins @ Los Angeles Angels | TOTAL 7.5 | OVER -104 (1.9615) | UNDER -108 (1.9259)
  Philadelphia Phillies @ New York Mets | TOTAL 8.5 | OVER 102 (2.02) | UNDER -114 (1.8772)
  Boston Red Sox @ Texas Rangers | TOTAL 8.0 | OVER -102 (1.9804) | UNDER -110 (1.9091)

==========================================================================================
🔄 CICLE 42 | 21:45:52
==========================================================================================
  Kansas City Royals @ Houston Astros | TOTAL 9.0 | OVER 101 (2.01) | UNDER -113 (1.885)
  Detroit Tigers @ Chicago White Sox | TOTAL 8.5 | OVER 100 (2.0) | UNDER -112 (1.8929)
  Minnesota Twins @ Los Angeles Angels | TOTAL 7.5 | OVER -104 (1.9615) | UNDER -108 (1.9259)
  Philadelphia Phillies @ New York Mets | TOTAL 8.5 | OVER 102 (2.02) | UNDER -114 (1.8772)
  Boston Red Sox @ Texas Rangers | TOTAL 8.0 | OVER -102 (1.9804) | UNDER -110 (1.9091)

==========================================================================================
🔄 CICLE 43 | 21:45:57
==========================================================================================
  Kansas City Royals @ Houston Astros | TOTAL 9.0 | OVER 101 (2.01) | UNDER -113 (1.885)
  Detroit Tigers @ Chicago White Sox | TOTAL 8.5 | OVER 100 (2.0) | UNDER -112 (1.8929)
  Minnesota Twins @ Los Angeles Angels | TOTAL 7.5 | OVER -104 (1.9615) | UNDER -108 (1.9259)
  Philadelphia Phillies @ New York Mets | TOTAL 8.5 | OVER 102 (2.02) | UNDER -114 (1.8772)
  Boston Red Sox @ Texas Rangers | TOTAL 8.0 | OVER -102 (1.9804) | UNDER -110 (1.9091)

==========================================================================================
🔄 CICLE 44 | 21:46:02
==========================================================================================
  Kansas City Royals @ Houston Astros | TOTAL 9.0 | OVER 101 (2.01) | UNDER -113 (1.885)
  Detroit Tigers @ Chicago White Sox | TOTAL 8.5 | OVER 100 (2.0) | UNDER -112 (1.8929)
  Minnesota Twins @ Los Angeles Angels | TOTAL 7.5 | OVER -104 (1.9615) | UNDER -108 (1.9259)
  Philadelphia Phillies @ New York Mets | TOTAL 8.5 | OVER 102 (2.02) | UNDER -114 (1.8772)
  Boston Red Sox @ Texas Rangers | TOTAL 8.0 | OVER -102 (1.9804) | UNDER -110 (1.9091)

==========================================================================================
🔄 CICLE 45 | 21:46:07
==========================================================================================
  Kansas City Royals @ Houston Astros | TOTAL 9.0 | OVER 101 (2.01) | UNDER -113 (1.885)
  Detroit Tigers @ Chicago White Sox | TOTAL 8.5 | OVER 100 (2.0) | UNDER -112 (1.8929)
  Minnesota Twins @ Los Angeles Angels | TOTAL 7.5 | OVER -104 (1.9615) | UNDER -108 (1.9259)
  Philadelphia Phillies @ New York Mets | TOTAL 8.5 | OVER 102 (2.02) | UNDER -114 (1.8772)
  Boston Red Sox @ Texas Rangers | TOTAL 8.0 | OVER -102 (1.9804) | UNDER -110 (1.9091)

==========================================================================================
🔄 CICLE 46 | 21:46:13
==========================================================================================
  Kansas City Royals @ Houston Astros | TOTAL 9.0 | OVER 101 (2.01) | UNDER -113 (1.885)
  Detroit Tigers @ Chicago White Sox | TOTAL 8.5 | OVER 100 (2.0) | UNDER -112 (1.8929)
  Minnesota Twins @ Los Angeles Angels | TOTAL 7.5 | OVER -104 (1.9615) | UNDER -108 (1.9259)
  Philadelphia Phillies @ New York Mets | TOTAL 8.5 | OVER 102 (2.02) | UNDER -114 (1.8772)
  Boston Red Sox @ Texas Rangers | TOTAL 8.0 | OVER -102 (1.9804) | UNDER -110 (1.9091)

==========================================================================================
🔄 CICLE 47 | 21:46:18
==========================================================================================
  Kansas City Royals @ Houston Astros | TOTAL 9.0 | OVER 101 (2.01) | UNDER -113 (1.885)
  Detroit Tigers @ Chicago White Sox | TOTAL 8.5 | OVER 100 (2.0) | UNDER -112 (1.8929)
  Minnesota Twins @ Los Angeles Angels | TOTAL 7.5 | OVER -104 (1.9615) | UNDER -108 (1.9259)
  Philadelphia Phillies @ New York Mets | TOTAL 8.5 | OVER 102 (2.02) | UNDER -114 (1.8772)
  Boston Red Sox @ Texas Rangers | TOTAL 8.0 | OVER -102 (1.9804) | UNDER -110 (1.9091)

==========================================================================================
🔄 CICLE 48 | 21:46:23
==========================================================================================
  Kansas City Royals @ Houston Astros | TOTAL 9.0 | OVER 101 (2.01) | UNDER -113 (1.885)
  Detroit Tigers @ Chicago White Sox | TOTAL 8.5 | OVER 100 (2.0) | UNDER -112 (1.8929)
  Minnesota Twins @ Los Angeles Angels | TOTAL 7.5 | OVER -104 (1.9615) | UNDER -108 (1.9259)
  Philadelphia Phillies @ New York Mets | TOTAL 8.5 | OVER 102 (2.02) | UNDER -114 (1.8772)
  Boston Red Sox @ Texas Rangers | TOTAL 8.0 | OVER -102 (1.9804) | UNDER -110 (1.9091)

==========================================================================================
🔄 CICLE 49 | 21:46:28
==========================================================================================
  Kansas City Royals @ Houston Astros | TOTAL 9.0 | OVER 101 (2.01) | UNDER -113 (1.885)
  Detroit Tigers @ Chicago White Sox | TOTAL 8.5 | OVER 100 (2.0) | UNDER -112 (1.8929)
  Minnesota Twins @ Los Angeles Angels | TOTAL 7.5 | OVER -104 (1.9615) | UNDER -108 (1.9259)
  Philadelphia Phillies @ New York Mets | TOTAL 8.5 | OVER 102 (2.02) | UNDER -114 (1.8772)
  Boston Red Sox @ Texas Rangers | TOTAL 8.0 | OVER -102 (1.9804) | UNDER -110 (1.9091)

==========================================================================================
🔄 CICLE 50 | 21:46:33
==========================================================================================
  Kansas City Royals @ Houston Astros | TOTAL 9.0 | OVER 101 (2.01) | UNDER -113 (1.885)
  Detroit Tigers @ Chicago White Sox | TOTAL 8.5 | OVER 100 (2.0) | UNDER -112 (1.8929)
  Minnesota Twins @ Los Angeles Angels | TOTAL 7.5 | OVER -104 (1.9615) | UNDER -108 (1.9259)
  Philadelphia Phillies @ New York Mets | TOTAL 8.5 | OVER 102 (2.02) | UNDER -114 (1.8772)
  Boston Red Sox @ Texas Rangers | TOTAL 8.0 | OVER -102 (1.9804) | UNDER -110 (1.9091)

==========================================================================================
🔄 CICLE 51 | 21:46:39
==========================================================================================
  Kansas City Royals @ Houston Astros | TOTAL 9.0 | OVER 101 (2.01) | UNDER -113 (1.885)
  Detroit Tigers @ Chicago White Sox | TOTAL 8.5 | OVER 100 (2.0) | UNDER -112 (1.8929)
  Minnesota Twins @ Los Angeles Angels | TOTAL 7.5 | OVER -104 (1.9615) | UNDER -108 (1.9259)
  Philadelphia Phillies @ New York Mets | TOTAL 8.5 | OVER 102 (2.02) | UNDER -114 (1.8772)
  Boston Red Sox @ Texas Rangers | TOTAL 8.0 | OVER -102 (1.9804) | UNDER -110 (1.9091)
