📝 STEAM/VALUE TEST LOG: logs\steam_value_2026-09-19.log
⚾ BASEBALL STEAM V21 - 5 LEAGUES | ML + RUN LINE + TOTAL | PAPER TEST ⚾
LEAGUES: 244=Mexican League | 246=MLB | 6227=KBO | 187703=NPB | 208753=Chinese Taipei Professional League
PROFILES: ML S5-6/STR70-80 | RUN LINE S3-4/STR60-70 | TOTAL S4-5/STR70-80
VALUE: P=55.00% | MIN EDGE=5.00% | MIN ODDS=1.909
CONFIRMATION=60s | POLL=5s
PAPER TEST | NO APOSTES REALS | TELEGRAM SENSE CREDENCIALS / NO GOOGLE SHEETS
PINNACLE API KEY: CONFIGURADA
BANKROLL: 1000.00 € | STAKE: 3.0% del bank per aposta VALUE
RESULTATS: resolució automàtica preparada; no es resol cap aposta sense marcador verificat.
MODE AUTÒNOM: només mostra esdeveniments significatius.

💓 HEARTBEAT | cycle=60 | matches=26 | 01:06:16
💓 HEARTBEAT | cycle=120 | matches=26 | 01:11:45
💓 HEARTBEAT | cycle=180 | matches=26 | 01:17:13
💓 HEARTBEAT | cycle=240 | matches=26 | 01:22:45
📝 STEAM/VALUE TEST LOG: logs\steam_value_2026-09-19.log
🔎 BASEBALL STEAM V22 DIAGNOSTIC - 5 LEAGUES | ML + RUN LINE + TOTAL ⚾
LEAGUES: 244=Mexican League | 246=MLB | 6227=KBO | 187703=NPB | 208753=Chinese Taipei Professional League
PROFILES: ML S5-6/STR70-80 | RUN LINE S3-4/STR60-70 | TOTAL S4-5/STR70-80
VALUE: P=55.00% | MIN EDGE=5.00% | MIN ODDS=1.909
CONFIRMATION=60s | POLL=5s
PAPER TEST | NO APOSTES REALS | TELEGRAM SENSE CREDENCIALS / NO GOOGLE SHEETS
PINNACLE API KEY: CONFIGURADA
BANKROLL: 1000.00 € | STAKE: 3.0% del bank per aposta VALUE
RESULTATS: resolució automàtica preparada; no es resol cap aposta sense marcador verificat.
MODE AUTÒNOM: només mostra esdeveniments significatius.

🔎 DIAG | cycle=60 | snapshots=9324 | initial=156 | changes=16 | shortenings=8 | candidates=0 | pending=0
   ↳ moneyline home 1.8197->1.8130 (0.368%)
   ↳ spread home 2.6700->2.6600 (0.375%)
   ↳ spread away 1.5348->1.5376 (-0.182%)
   ↳ moneyline home 2.6500->2.6400 (0.377%)
💓 HEARTBEAT | cycle=60 | matches=26 | 01:38:35
📝 STEAM/VALUE TEST LOG: logs\steam_value_2026-09-19.log
🔎 BASEBALL STEAM V22 DIAGNOSTIC - 5 LEAGUES | ML + RUN LINE + TOTAL ⚾
LEAGUES: 244=Mexican League | 246=MLB | 6227=KBO | 187703=NPB | 208753=Chinese Taipei Professional League
PROFILES: ML S5-6/STR70-80 | RUN LINE S3-4/STR60-70 | TOTAL S4-5/STR70-80
VALUE: P=55.00% | MIN EDGE=5.00% | MIN ODDS=1.909
CONFIRMATION=60s | POLL=5s
PAPER TEST | NO APOSTES REALS | TELEGRAM SENSE CREDENCIALS / NO GOOGLE SHEETS
PINNACLE API KEY: CONFIGURADA
BANKROLL: 1000.00 € | STAKE: 3.0% del bank per aposta VALUE
RESULTATS: resolució automàtica preparada; no es resol cap aposta sense marcador verificat.
MODE AUTÒNOM: només mostra esdeveniments significatius.

🔎 DIAG | cycle=60 | snapshots=9000 | initial=150 | changes=0 | shortenings=0 | candidates=0 | pending=0
💓 HEARTBEAT | cycle=60 | matches=25 | 01:48:06
📝 STEAM/VALUE TEST LOG: logs\steam_value_2026-09-19.log
⚾ BASEBALL STEAM V21 - 5 LEAGUES | ML + RUN LINE + TOTAL | PAPER TEST ⚾
LEAGUES: 244=Mexican League | 246=MLB | 6227=KBO | 187703=NPB | 208753=Chinese Taipei Professional League
PROFILES: ML S5-6/STR70-80 | RUN LINE S3-4/STR60-70 | TOTAL S4-5/STR70-80
VALUE: P=55.00% | MIN EDGE=5.00% | MIN ODDS=1.909
CONFIRMATION=60s | POLL=5s
PAPER TEST | NO APOSTES REALS | TELEGRAM SENSE CREDENCIALS / NO GOOGLE SHEETS
PINNACLE API KEY: NO CONFIGURADA
BANKROLL: 1000.00 € | STAKE: 3.0% del bank per aposta VALUE
RESULTATS: resolució automàtica preparada; no es resol cap aposta sense marcador verificat.
MODE AUTÒNOM: només mostra esdeveniments significatius.

📝 STEAM/VALUE TEST LOG: logs\steam_value_2026-09-19.log
⚾ BASEBALL STEAM V21 - 5 LEAGUES | ML + RUN LINE + TOTAL | PAPER TEST ⚾
LEAGUES: 244=Mexican League | 246=MLB | 6227=KBO | 187703=NPB | 208753=Chinese Taipei Professional League
PROFILES: ML S5-6/STR70-80 | RUN LINE S3-4/STR60-70 | TOTAL S4-5/STR70-80
VALUE: P=55.00% | MIN EDGE=5.00% | MIN ODDS=1.909
CONFIRMATION=60s | POLL=5s
PAPER TEST | NO APOSTES REALS | TELEGRAM SENSE CREDENCIALS / NO GOOGLE SHEETS
PINNACLE API KEY: CONFIGURADA
BANKROLL: 1000.00 € | STAKE: 3.0% del bank per aposta VALUE
RESULTATS: resolució automàtica preparada; no es resol cap aposta sense marcador verificat.
MODE AUTÒNOM: només mostra esdeveniments significatius.

💓 HEARTBEAT | cycle=60 | matches=10 | 12:08:47
💓 HEARTBEAT | cycle=120 | matches=10 | 12:14:15
💓 HEARTBEAT | cycle=180 | matches=10 | 12:19:43
💓 HEARTBEAT | cycle=240 | matches=10 | 12:25:08
💓 HEARTBEAT | cycle=300 | matches=10 | 12:30:33
💓 HEARTBEAT | cycle=360 | matches=10 | 12:35:59
💓 HEARTBEAT | cycle=420 | matches=10 | 12:41:26
💓 HEARTBEAT | cycle=480 | matches=10 | 12:46:54
💓 HEARTBEAT | cycle=540 | matches=10 | 12:52:21
💓 HEARTBEAT | cycle=600 | matches=10 | 12:57:50
💓 HEARTBEAT | cycle=660 | matches=10 | 13:03:15
💓 HEARTBEAT | cycle=720 | matches=10 | 13:08:40
💓 HEARTBEAT | cycle=780 | matches=10 | 13:14:03
💓 HEARTBEAT | cycle=840 | matches=10 | 13:19:27
💓 HEARTBEAT | cycle=900 | matches=10 | 13:24:54
💓 HEARTBEAT | cycle=960 | matches=10 | 13:30:23
💓 HEARTBEAT | cycle=1020 | matches=10 | 13:35:53
💓 HEARTBEAT | cycle=1080 | matches=10 | 13:41:21
💓 HEARTBEAT | cycle=1140 | matches=13 | 13:46:46
💓 HEARTBEAT | cycle=1200 | matches=13 | 13:52:09
💓 HEARTBEAT | cycle=1260 | matches=18 | 13:57:38
💓 HEARTBEAT | cycle=1320 | matches=18 | 14:03:05
💓 HEARTBEAT | cycle=1380 | matches=18 | 14:08:29
💓 HEARTBEAT | cycle=1440 | matches=18 | 14:13:56
💓 HEARTBEAT | cycle=1500 | matches=18 | 14:19:25
💓 HEARTBEAT | cycle=1560 | matches=18 | 14:24:50
💓 HEARTBEAT | cycle=1620 | matches=18 | 14:30:17
💓 HEARTBEAT | cycle=1680 | matches=18 | 14:35:43
💓 HEARTBEAT | cycle=1740 | matches=18 | 14:41:12
💓 HEARTBEAT | cycle=1800 | matches=18 | 14:46:43
💓 HEARTBEAT | cycle=1860 | matches=18 | 14:52:15
💓 HEARTBEAT | cycle=1920 | matches=21 | 14:57:45
💓 HEARTBEAT | cycle=1980 | matches=21 | 15:03:17
💓 HEARTBEAT | cycle=2040 | matches=21 | 15:08:46
TELEGRAM: credentials not configured; message not sent.

  ============================================================================
  🎯 STEAM CONFIRMAT
  League:      NPB
  Match:       Hiroshima Toyo Carp @ Chunichi Dragons
  Market:      MONEYLINE
  Selection:   HOME
  Odds:        1.7407 → 1.641
  Steam Score: 5.73
  Strength:    78.7
  Profile:     S5-6/STR70-80
  Bet365:      PENDENT — no es crea aposta
  ============================================================================
💓 HEARTBEAT | cycle=2100 | matches=24 | 15:14:14
💓 HEARTBEAT | cycle=2160 | matches=24 | 15:19:41
💓 HEARTBEAT | cycle=2220 | matches=24 | 15:25:11
TELEGRAM: credentials not configured; message not sent.

  ============================================================================
  🎯 STEAM CONFIRMAT
  League:      MLB
  Match:       Detroit Tigers @ Chicago White Sox
  Market:      RUN LINE
  Selection:   AWAY 1.5
  Odds:        1.5814 → 1.5236
  Steam Score: 3.65
  Strength:    68.2
  Profile:     S3-4/STR60-70
  Bet365:      PENDENT — no es crea aposta
  ============================================================================
TELEGRAM: credentials not configured; message not sent.

  ============================================================================
  🎯 STEAM CONFIRMAT
  League:      MLB
  Match:       Atlanta Braves @ Houston Astros
  Market:      MONEYLINE
  Selection:   HOME
  Odds:        1.8772 → 1.7752
  Steam Score: 5.43
  Strength:    77.2
  Profile:     S5-6/STR70-80
  Bet365:      PENDENT — no es crea aposta
  ============================================================================
💓 HEARTBEAT | cycle=2280 | matches=24 | 15:30:42
💓 HEARTBEAT | cycle=2340 | matches=24 | 15:36:11
TELEGRAM: credentials not configured; message not sent.

  ============================================================================
  🎯 STEAM CONFIRMAT
  League:      MLB
  Match:       Washington Nationals @ St. Louis Cardinals
  Market:      RUN LINE
  Selection:   AWAY 1.5
  Odds:        1.5464 → 1.4975
  Steam Score: 3.16
  Strength:    65.8
  Profile:     S3-4/STR60-70
  Bet365:      PENDENT — no es crea aposta
  ============================================================================
💓 HEARTBEAT | cycle=2400 | matches=24 | 15:41:38
💓 HEARTBEAT | cycle=2460 | matches=25 | 15:47:07
💓 HEARTBEAT | cycle=2520 | matches=25 | 15:52:37
💓 HEARTBEAT | cycle=2580 | matches=25 | 15:58:05
💓 HEARTBEAT | cycle=2640 | matches=25 | 16:03:35
💓 HEARTBEAT | cycle=2700 | matches=25 | 16:09:05
💓 HEARTBEAT | cycle=2760 | matches=26 | 16:14:37
💓 HEARTBEAT | cycle=2820 | matches=26 | 16:20:08
💓 HEARTBEAT | cycle=2880 | matches=26 | 16:25:36
💓 HEARTBEAT | cycle=2940 | matches=26 | 16:31:08
💓 HEARTBEAT | cycle=3000 | matches=26 | 16:36:40
TELEGRAM: credentials not configured; message not sent.

  ============================================================================
  🎯 STEAM CONFIRMAT
  League:      NPB
  Match:       Orix Buffaloes @ Hokkaido Nippon-Ham Fighters
  Market:      TOTAL
  Selection:   UNDER 8
  Odds:        1.9901 → 1.8929
  Steam Score: 4.88
  Strength:    74.4
  Profile:     S4-5/STR70-80
  Bet365:      PENDENT — no es crea aposta
  ============================================================================
💓 HEARTBEAT | cycle=3060 | matches=26 | 16:42:09
📝 STEAM/VALUE TEST LOG: logs\steam_value_2026-09-19.log
⚾ BASEBALL STEAM V21 - 5 LEAGUES | ML + RUN LINE + TOTAL | PAPER TEST ⚾
LEAGUES: 244=Mexican League | 246=MLB | 6227=KBO | 187703=NPB | 208753=Chinese Taipei Professional League
PROFILES: ML S5-6/STR70-80 | RUN LINE S3-4/STR60-70 | TOTAL S4-5/STR70-80
VALUE: P=55.00% | MIN EDGE=5.00% | MIN ODDS=1.909
CONFIRMATION=60s | POLL=5s
PAPER TEST | NO APOSTES REALS | TELEGRAM SENSE CREDENCIALS / NO GOOGLE SHEETS
PINNACLE API KEY: CONFIGURADA
BANKROLL: 1000.00 € | STAKE: 3.0% del bank per aposta VALUE
RESULTATS: resolució automàtica preparada; no es resol cap aposta sense marcador verificat.
MODE AUTÒNOM: només mostra esdeveniments significatius.

📝 STEAM/VALUE TEST LOG: logs\steam_value_2026-09-19.log
⚾ BASEBALL STEAM V21 - 5 LEAGUES | ML + RUN LINE + TOTAL | PAPER TEST ⚾
LEAGUES: 244=Mexican League | 246=MLB | 6227=KBO | 187703=NPB | 208753=Chinese Taipei Professional League
PROFILES: ML S5-6/STR70-80 | RUN LINE S3-4/STR60-70 | TOTAL S4-5/STR70-80
VALUE: P=55.00% | MIN EDGE=5.00% | MIN ODDS=1.909
CONFIRMATION=60s | POLL=5s
PAPER TEST | NO APOSTES REALS | TELEGRAM ACTIU / NO GOOGLE SHEETS
PINNACLE API KEY: CONFIGURADA
BANKROLL: 1000.00 € | STAKE: 3.0% del bank per aposta VALUE
RESULTATS: resolució automàtica preparada; no es resol cap aposta sense marcador verificat.
MODE AUTÒNOM: només mostra esdeveniments significatius.

💓 HEARTBEAT | cycle=60 | matches=26 | 17:09:51
